// Jest Snapshot v1, https://goo.gl/fbAQLP

exports[`Pruebas en <SquareDataGifs /> Debe mostrar el componente correctamente 1`] = `
<Fragment>
  <h2>
    Cargando...
  </h2>
</Fragment>
`;
